// Jest Snapshot v1, https://goo.gl/fbAQLP

exports[`icon component test props name 1`] = `
<i
  className="fisher-icon fisher-icon-alibaba"
/>
`;
